******************************************************************************
                  TI ARM Linker PC v20.2.7                     
******************************************************************************
>> Linked Fri Apr  4 11:08:59 2025

OUTPUT FILE NAME:   <TM1637.out>
ENTRY POINT SYMBOL: "_c_int00_noinit_noargs"  address: 000004e1


MEMORY CONFIGURATION

         name            origin    length      used     unused   attr    fill
----------------------  --------  ---------  --------  --------  ----  --------
  FLASH                 00000000   00040000  00000a52  0003f5ae  R  X
  SRAM                  20000000   00008000  00000200  00007e00  RW X


SEGMENT ALLOCATION MAP

run origin  load origin   length   init length attrs members
----------  ----------- ---------- ----------- ----- -------
00000000    00000000    00000a54   00000a54    r-x
  00000000    00000000    0000026c   0000026c    r-- .intvecs
  0000026c    0000026c    000002f4   000002f4    r-x .text
  00000560    00000560    0000000a   0000000a    r-- .const
  0000056c    0000056c    00000170   00000170    r-x .text.GPIOPadConfigSet
  000006dc    000006dc    0000012c   0000012c    r-x .text.SysCtlClockGet
  00000808    00000808    00000124   00000124    r-x .text.SysCtlClockSet
  0000092c    0000092c    0000006c   0000006c    r-- .rodata.g_pui32Xtals
  00000998    00000998    0000002e   0000002e    r-x .text.GPIODirModeSet
  000009c6    000009c6    00000026   00000026    r-x .text.SysCtlPeripheralReady
  000009ec    000009ec    00000022   00000022    r-x .text.SysCtlPeripheralEnable
  00000a0e    00000a0e    0000001c   0000001c    r-x .text.GPIOPinTypeGPIOInput
  00000a2a    00000a2a    0000001c   0000001c    r-x .text.GPIOPinTypeGPIOOutput
  00000a46    00000a46    00000008   00000008    r-x .text.SysCtlDelay
  00000a4e    00000a4e    00000006   00000006    r-x .text.GPIOPinWrite
20000000    20000000    00000200   00000000    rw-
  20000000    20000000    00000200   00000000    rw- .stack


SECTION ALLOCATION MAP

 output                                  attributes/
section   page    origin      length       input sections
--------  ----  ----------  ----------   ----------------
.intvecs   0    00000000    0000026c     
                  00000000    0000026c     tm4c123gh6pm_startup_ccs.obj (.intvecs)

.text      0    0000026c    000002f4     
                  0000026c    00000274     main.obj (.text)
                  000004e0    0000002c     rtsv7M4_T_le_v4SPD16_eabi.lib : boot_cortex_m.c.obj (.text:_c_int00_noinit_noargs:_c_int00_noinit_noargs)
                  0000050c    0000000c     tm4c123gh6pm_startup_ccs.obj (.text)
                  00000518    00000004     rtsv7M4_T_le_v4SPD16_eabi.lib : pre_init.c.obj (.text:_system_pre_init)
                  0000051c    00000004                                   : exit.c.obj (.text:abort:abort)
                  00000520    00000008     libdriver.a : sysctl.o (.tramp.SysCtlClockSet.1)
                  00000528    00000008                 : gpio.o (.tramp.GPIOPinTypeGPIOInput.1)
                  00000530    00000008                 : gpio.o (.tramp.GPIOPinWrite.1)
                  00000538    00000008                 : gpio.o (.tramp.GPIOPinTypeGPIOOutput.1)
                  00000540    00000008                 : sysctl.o (.tramp.SysCtlPeripheralReady.1)
                  00000548    00000008                 : sysctl.o (.tramp.SysCtlPeripheralEnable.1)
                  00000550    00000008                 : sysctl.o (.tramp.SysCtlDelay.1)
                  00000558    00000008                 : sysctl.o (.tramp.SysCtlClockGet.1)

.const     0    00000560    0000000a     
                  00000560    0000000a     main.obj (.const:.string:digitToSegment)

.cinit     0    00000000    00000000     UNINITIALIZED

.init_array 
*          0    00000000    00000000     UNINITIALIZED

.stack     0    20000000    00000200     UNINITIALIZED
                  20000000    00000004     rtsv7M4_T_le_v4SPD16_eabi.lib : boot_cortex_m.c.obj (.stack)
                  20000004    000001fc     --HOLE--

__llvm_prf_cnts 
*          0    20000000    00000000     UNINITIALIZED

.text.GPIOPadConfigSet 
*          0    0000056c    00000170     
                  0000056c    00000170     libdriver.a : gpio.o (.text.GPIOPadConfigSet)

.text.SysCtlClockGet 
*          0    000006dc    0000012c     
                  000006dc    0000012c     libdriver.a : sysctl.o (.text.SysCtlClockGet)

.text.SysCtlClockSet 
*          0    00000808    00000124     
                  00000808    0000011c     libdriver.a : sysctl.o (.text.SysCtlClockSet)
                  00000924    00000008                 : sysctl.o (.tramp.SysCtlDelay.2)

.rodata.g_pui32Xtals 
*          0    0000092c    0000006c     
                  0000092c    0000006c     libdriver.a : sysctl.o (.rodata.g_pui32Xtals)

.text.GPIODirModeSet 
*          0    00000998    0000002e     
                  00000998    0000002e     libdriver.a : gpio.o (.text.GPIODirModeSet)

.text.SysCtlPeripheralReady 
*          0    000009c6    00000026     
                  000009c6    00000026     libdriver.a : sysctl.o (.text.SysCtlPeripheralReady)

.text.SysCtlPeripheralEnable 
*          0    000009ec    00000022     
                  000009ec    00000022     libdriver.a : sysctl.o (.text.SysCtlPeripheralEnable)

.text.GPIOPinTypeGPIOInput 
*          0    00000a0e    0000001c     
                  00000a0e    0000001c     libdriver.a : gpio.o (.text.GPIOPinTypeGPIOInput)

.text.GPIOPinTypeGPIOOutput 
*          0    00000a2a    0000001c     
                  00000a2a    0000001c     libdriver.a : gpio.o (.text.GPIOPinTypeGPIOOutput)

.text.SysCtlDelay 
*          0    00000a46    00000008     
                  00000a46    00000008     libdriver.a : sysctl.o (.text.SysCtlDelay)

.text.GPIOPinWrite 
*          0    00000a4e    00000006     
                  00000a4e    00000006     libdriver.a : gpio.o (.text.GPIOPinWrite)

MODULE SUMMARY

       Module                         code   ro data   rw data
       ------                         ----   -------   -------
    .\
       main.obj                       628    10        0      
       tm4c123gh6pm_startup_ccs.obj   12     620       0      
    +--+------------------------------+------+---------+---------+
       Total:                         640    630       0      
                                                              
    C:/ti/TivaWare_C_Series-2.2.0.295/driverlib/gcc/libdriver.a
       sysctl.o                       712    108       0      
       gpio.o                         500    0         0      
    +--+------------------------------+------+---------+---------+
       Total:                         1212   108       0      
                                                              
    C:\ti\ccs1240\ccs\tools\compiler\ti-cgt-arm_20.2.7.LTS\lib\rtsv7M4_T_le_v4SPD16_eabi.lib
       boot_cortex_m.c.obj            44     0         0      
       exit.c.obj                     4      0         0      
       pre_init.c.obj                 4      0         0      
    +--+------------------------------+------+---------+---------+
       Total:                         52     0         0      
                                                              
       Stack:                         0      0         512    
    +--+------------------------------+------+---------+---------+
       Grand Total:                   1904   738       512    


FAR CALL TRAMPOLINES

callee name               trampoline name
   callee addr  tramp addr   call addr  call info
--------------  -----------  ---------  ----------------
SysCtlClockSet            $Tramp$TT$S$$SysCtlClockSet
   00000809     00000520     00000492   main.obj (.text)
GPIOPinTypeGPIOInput      $Tramp$TT$S$$GPIOPinTypeGPIOInput
   00000a0f     00000528     000002b0   main.obj (.text)
GPIOPinWrite              $Tramp$TT$S$$GPIOPinWrite
   00000a4f     00000530     000002a4   main.obj (.text)
                             000002ca   main.obj (.text)
                             000002d4   main.obj (.text)
                             000002e4   main.obj (.text)
                             000002f2   main.obj (.text)
                             000002fc   main.obj (.text)
                             0000030c   main.obj (.text)
                             00000316   main.obj (.text)
                             00000336   main.obj (.text)
                             0000034e   main.obj (.text)
                             0000035a   main.obj (.text)
                             0000036a   main.obj (.text)
                             00000396   main.obj (.text)
                             000003aa   main.obj (.text)
                             000003ba   main.obj (.text)
GPIOPinTypeGPIOOutput     $Tramp$TT$S$$GPIOPinTypeGPIOOutput
   00000a2b     00000538     0000029a   main.obj (.text)
                             000002bc   main.obj (.text)
SysCtlPeripheralReady     $Tramp$TT$S$$SysCtlPeripheralReady
   000009c7     00000540     0000028e   main.obj (.text)
SysCtlPeripheralEnable    $Tramp$TT$S$$SysCtlPeripheralEnable
   000009ed     00000548     00000288   main.obj (.text)
SysCtlDelay               $Tramp$TT$S$$SysCtlDelay
   00000a47     00000550     0000027e   main.obj (.text)
                             000004b2   main.obj (.text)
SysCtlClockGet            $Tramp$TT$S$$SysCtlClockGet
   000006dd     00000558     00000270   main.obj (.text)
SysCtlDelay               $Tramp$TT$S$$SysCtlDelay
   00000a47     00000924     000008fc   libdriver.a : sysctl.o (.text.SysCtlClockSet)

[9 trampolines]
[25 trampoline calls]


GLOBAL SYMBOLS: SORTED ALPHABETICALLY BY Name 

address   name                   
-------   ----                   
0000051d  C$$EXIT                
000002ab  DIO_input              
000002b7  DIO_output             
00000999  GPIODirModeSet         
0000056d  GPIOPadConfigSet       
00000a0f  GPIOPinTypeGPIOInput   
00000a2b  GPIOPinTypeGPIOOutput  
00000a4f  GPIOPinWrite           
0000050d  ResetISR               
000006dd  SysCtlClockGet         
00000809  SysCtlClockSet         
00000a47  SysCtlDelay            
000009ed  SysCtlPeripheralEnable 
000009c7  SysCtlPeripheralReady  
000003c5  TM1637_display         
000002c3  TM1637_start           
000002eb  TM1637_stop            
0000031d  TM1637_writeByte       
20000200  __STACK_END            
00000200  __STACK_SIZE           
20000200  __STACK_TOP            
ffffffff  __TI_pprof_out_hndl    
ffffffff  __TI_prof_data_size    
ffffffff  __TI_prof_data_start   
00000000  __TI_static_base__     
ffffffff  __binit__              
ffffffff  __c_args__             
UNDEFED   __mpu_init             
20000000  __stack                
20000000  __start___llvm_prf_cnts
20000000  __stop___llvm_prf_cnts 
000004e1  _c_int00_noinit_noargs 
00000519  _system_pre_init       
0000051d  abort                  
ffffffff  binit                  
0000026d  delay_us               
00000560  digitToSegment         
00000000  g_pfnVectors           
00000285  init_GPIO              
0000048f  main                   


GLOBAL SYMBOLS: SORTED BY Symbol Address 

address   name                   
-------   ----                   
00000000  __TI_static_base__     
00000000  g_pfnVectors           
00000200  __STACK_SIZE           
0000026d  delay_us               
00000285  init_GPIO              
000002ab  DIO_input              
000002b7  DIO_output             
000002c3  TM1637_start           
000002eb  TM1637_stop            
0000031d  TM1637_writeByte       
000003c5  TM1637_display         
0000048f  main                   
000004e1  _c_int00_noinit_noargs 
0000050d  ResetISR               
00000519  _system_pre_init       
0000051d  C$$EXIT                
0000051d  abort                  
00000560  digitToSegment         
0000056d  GPIOPadConfigSet       
000006dd  SysCtlClockGet         
00000809  SysCtlClockSet         
00000999  GPIODirModeSet         
000009c7  SysCtlPeripheralReady  
000009ed  SysCtlPeripheralEnable 
00000a0f  GPIOPinTypeGPIOInput   
00000a2b  GPIOPinTypeGPIOOutput  
00000a47  SysCtlDelay            
00000a4f  GPIOPinWrite           
20000000  __stack                
20000000  __start___llvm_prf_cnts
20000000  __stop___llvm_prf_cnts 
20000200  __STACK_END            
20000200  __STACK_TOP            
ffffffff  __TI_pprof_out_hndl    
ffffffff  __TI_prof_data_size    
ffffffff  __TI_prof_data_start   
ffffffff  __binit__              
ffffffff  __c_args__             
ffffffff  binit                  
UNDEFED   __mpu_init             

[40 symbols]
